Spring Application Advisor CLI Version: 1.4.0
java.lang.NullPointerException
	at com.vmware.tanzu.spring.advisor.cli.tools.BuildToolDetector.getBuildToolFolder(BuildToolDetector.java:93)
	at com.vmware.tanzu.spring.advisor.cli.buildconfig.BuildConfigUtils.getBuildConfigFileLocation(BuildConfigUtils.java:12)
	at com.vmware.tanzu.spring.advisor.cli.buildconfig.AbstractGenerateBuildConfigCommand.buildConfigDetection(AbstractGenerateBuildConfigCommand.java:20)
	at com.vmware.tanzu.spring.advisor.cli.advice.AdviceListCommand.runCommand(AdviceListCommand.java:50)
	at com.vmware.tanzu.spring.advisor.cli.Command.run(Command.java:12)
	at picocli.CommandLine.executeUserObject(CommandLine.java:2045)
	at picocli.CommandLine.access$1500(CommandLine.java:148)
	at picocli.CommandLine$RunLast.executeUserObjectOfLastSubcommandWithSameParent(CommandLine.java:2469)
	at picocli.CommandLine$RunLast.handle(CommandLine.java:2461)
	at picocli.CommandLine$RunLast.handle(CommandLine.java:2423)
	at picocli.CommandLine$AbstractParseResultHandler.execute(CommandLine.java:2277)
	at picocli.CommandLine$RunLast.execute(CommandLine.java:2425)
	at picocli.CommandLine.execute(CommandLine.java:2174)
	at com.vmware.tanzu.spring.advisor.cli.CommandLineApplicationRunner.run(CommandLineApplicationRunner.java:27)
	at org.springframework.boot.SpringApplication.lambda$callRunner$5(SpringApplication.java:788)
	at org.springframework.util.function.ThrowingConsumer$1.acceptWithException(ThrowingConsumer.java:82)
	at org.springframework.util.function.ThrowingConsumer.accept(ThrowingConsumer.java:60)
	at org.springframework.util.function.ThrowingConsumer$1.accept(ThrowingConsumer.java:86)
	at org.springframework.boot.SpringApplication.callRunner(SpringApplication.java:796)
	at org.springframework.boot.SpringApplication.callRunner(SpringApplication.java:787)
	at org.springframework.boot.SpringApplication.lambda$callRunners$3(SpringApplication.java:772)
	at java.base@23.0.2/java.util.stream.ForEachOps$ForEachOp$OfRef.accept(ForEachOps.java:184)
	at java.base@23.0.2/java.util.stream.SortedOps$SizedRefSortingSink.end(SortedOps.java:357)
	at java.base@23.0.2/java.util.stream.AbstractPipeline.copyInto(AbstractPipeline.java:571)
	at java.base@23.0.2/java.util.stream.AbstractPipeline.wrapAndCopyInto(AbstractPipeline.java:560)
	at java.base@23.0.2/java.util.stream.ForEachOps$ForEachOp.evaluateSequential(ForEachOps.java:151)
	at java.base@23.0.2/java.util.stream.ForEachOps$ForEachOp$OfRef.evaluateSequential(ForEachOps.java:174)
	at java.base@23.0.2/java.util.stream.AbstractPipeline.evaluate(AbstractPipeline.java:265)
	at java.base@23.0.2/java.util.stream.ReferencePipeline.forEach(ReferencePipeline.java:636)
	at org.springframework.boot.SpringApplication.callRunners(SpringApplication.java:772)
	at org.springframework.boot.SpringApplication.run(SpringApplication.java:325)
	at org.springframework.boot.SpringApplication.run(SpringApplication.java:1361)
	at org.springframework.boot.SpringApplication.run(SpringApplication.java:1350)
	at com.vmware.tanzu.spring.advisor.cli.CommandLineApplication.main(CommandLineApplication.java:29)
	at java.base@23.0.2/java.lang.invoke.LambdaForm$DMH/sa346b79c.invokeStaticInit(LambdaForm$DMH)
